Full manifest should match snapshot:
  1: |
    apiVersion: v1
    data:
      root.key1: value1
      root.key2: value2
    kind: ConfigMap
    metadata:
      name: RELEASE-NAME-configmap
      namespace: NAMESPACE
  2: |
    apiVersion: batch/v1
    kind: CronJob
    metadata:
      annotations:
        key1: value1
        key2: value2
        orgs.k8s.snyk.io/v1: 3c6b0e2e-36a2-4c0e-93c8-3ba8c87dd75d
      name: RELEASE-NAME
      namespace: NAMESPACE
    spec:
      concurrencyPolicy: Forbid
      failedJobsHistoryLimit: 3
      jobTemplate:
        spec:
          activeDeadlineSeconds: null
          backoffLimit: 3
          completions: 1
          parallelism: 1
          template:
            metadata:
              annotations:
                apparmor.security.beta.kubernetes.io/pod: runtime/default
                checksum: chart-version=2.1.2_config-hash=3b6fa61f25ca20dbd2847b678e0aad03340abe87a6dc8c2f4d8ee7ffeb17e12b
                co.elastic.logs/json.add_error_key: "true"
                co.elastic.logs/json.keys_under_root: "true"
                co.elastic.logs/json.overwrite_keys: "true"
              labels:
                app: RELEASE-NAME-job
            spec:
              containers:
                - env:
                    - name: SPRING_PROFILES_ACTIVE
                      value: chart-testing
                    - name: LANG
                      value: no_NO.UTF-8
                    - name: DATABASE_CONTAINER_USER
                      value: custom user
                    - name: DATABASE_CONTAINER_PASSWORD
                      value: password123
                    - name: DATABASE_CONTAINER_HOST_AND_PORT
                      value: RELEASE-NAME-db-svc:1433
                    - name: DATABASE_CONTAINER_DATABASE
                      value: test-data
                  envFrom:
                    - secretRef:
                        name: secret1
                    - configMapRef:
                        name: configMap1
                    - configMapRef:
                        name: RELEASE-NAME-configmap
                    - secretRef:
                        name: RELEASE-NAME-kv-objects-cc0a6e3f-kv-rg00-ss0-render-dev1
                    - configMapRef:
                        name: RELEASE-NAME-kv-file-envs-45d9ce6a-kv-rg00-ss0-render-dev1
                    - secretRef:
                        name: RELEASE-NAME-kv-objects-1d1ac72b-kv-rg00-ss0-render-dev2
                    - configMapRef:
                        name: RELEASE-NAME-kv-file-envs-cb749edb-kv-rg00-ss0-render-dev2
                  image: wordpress:greatest
                  imagePullPolicy: customValue
                  name: RELEASE-NAME-job
                  resources:
                    limits:
                      cpu: 1
                      memory: 19Mi
                    requests:
                      cpu: 0.3
                      memory: 4Mi
                  securityContext:
                    allowPrivilegeEscalation: false
                    capabilities:
                      drop:
                        - ALL
                    privileged: false
                    readOnlyRootFilesystem: true
                    runAsGroup: 3000
                    runAsNonRoot: true
                    runAsUser: 1000
                  volumeMounts:
                    - mountPath: /tmp
                      name: tmp-dir
                    - mountPath: /custom/file/paths/are/supported
                      name: RELEASE-NAME-kv-volume-9df4c11c-kv-rg00-ss0-render-dev1
                      readOnly: true
                      subPath: bf2727f85b33281f
                    - mountPath: /hardcoded/path/of/secret/as/file
                      name: RELEASE-NAME-kv-volume-9df4c11c-kv-rg00-ss0-render-dev1
                      readOnly: true
                      subPath: 5251feedd63c7723
                    - mountPath: /mnt/9e717efb70949021/68db8538e5026d9f
                      name: RELEASE-NAME-kv-volume-9df4c11c-kv-rg00-ss0-render-dev1
                      readOnly: true
                      subPath: 68db8538e5026d9f
                    - mountPath: /mnt/127cf7b855142ab1/6ed738c95f993853
                      name: RELEASE-NAME-kv-volume-e5ef3384-kv-rg00-ss0-render-dev2
                      readOnly: true
                      subPath: 6ed738c95f993853
                    - mountPath: /secret_in_2_file
                      name: RELEASE-NAME-kv-volume-e5ef3384-kv-rg00-ss0-render-dev2
                      readOnly: true
                      subPath: 74575ba0f9ab4322
                    - mountPath: /mnt/127cf7b855142ab1/c37bc3a2edadc0ed
                      name: RELEASE-NAME-kv-volume-e5ef3384-kv-rg00-ss0-render-dev2
                      readOnly: true
                      subPath: c37bc3a2edadc0ed
              nodeSelector:
                NodePool: workers
              restartPolicy: OnFailure
              volumes:
                - emptyDir: {}
                  name: tmp-dir
                - csi:
                    driver: secrets-store.csi.k8s.io
                    readOnly: true
                    volumeAttributes:
                      secretProviderClass: RELEASE-NAME-kv-provider-5d7246df-kv-rg00-ss0-render-dev1
                  name: RELEASE-NAME-kv-volume-9df4c11c-kv-rg00-ss0-render-dev1
                - csi:
                    driver: secrets-store.csi.k8s.io
                    readOnly: true
                    volumeAttributes:
                      secretProviderClass: RELEASE-NAME-kv-provider-8d4afcaf-kv-rg00-ss0-render-dev2
                  name: RELEASE-NAME-kv-volume-e5ef3384-kv-rg00-ss0-render-dev2
      schedule: '*/2 * * * *'
      successfulJobsHistoryLimit: 2
      suspend: false
  3: |
    apiVersion: secrets-store.csi.x-k8s.io/v1
    kind: SecretProviderClass
    metadata:
      name: RELEASE-NAME-kv-provider-5d7246df-kv-rg00-ss0-render-dev1
      namespace: NAMESPACE
    spec:
      parameters:
        keyvaultName: kv-rg00-ss0-render-dev1
        objects: "array:        \n  - |\n    objectAlias: \"bf2727f85b33281f\"\n    objectName: \"name-of-key-in-vault\"\n    objectType: \"key\"\n  - |\n    objectAlias: \"5251feedd63c7723\"\n    objectName: \"name-of-secret-in-vault\"\n    objectType: \"secret\"\n  - |\n    objectAlias: \"68db8538e5026d9f\"\n    objectName: \"name-of-cert-in-vault\"\n    objectType: \"cert\"\n"
        tenantID: b2255c28-9e28-4641-a6bc-b63391d59141
        usePodIdentity: "false"
        useVMManagedIdentity: "true"
        userAssignedIdentityID: b2255c28-9e28-4641-a6bc-b63391d59142
      provider: azure
      secretObjects:
        - data:
            - key: name.of.env.variable.holding.key.in.pem.format
              objectName: bf2727f85b33281f
          secretName: RELEASE-NAME-kv-objects-cc0a6e3f-kv-rg00-ss0-render-dev1
          type: Opaque
  4: |
    apiVersion: v1
    data:
      name.of.env.variable.holding.path.to.cert.as.file: /mnt/9e717efb70949021/68db8538e5026d9f
      name.of.env.variable.holding.path.to.key.as.file: /custom/file/paths/are/supported
    kind: ConfigMap
    metadata:
      name: RELEASE-NAME-kv-file-envs-45d9ce6a-kv-rg00-ss0-render-dev1
      namespace: NAMESPACE
  5: |
    apiVersion: secrets-store.csi.x-k8s.io/v1
    kind: SecretProviderClass
    metadata:
      name: RELEASE-NAME-kv-provider-8d4afcaf-kv-rg00-ss0-render-dev2
      namespace: NAMESPACE
    spec:
      parameters:
        keyvaultName: kv-rg00-ss0-render-dev2
        objects: "array:        \n  - |\n    objectAlias: \"6ed738c95f993853\"\n    objectName: \"name-of-key-in-vault\"\n    objectType: \"key\"\n  - |\n    objectAlias: \"74575ba0f9ab4322\"\n    objectName: \"name-of-secret-in-vault\"\n    objectType: \"secret\"\n  - |\n    objectAlias: \"c37bc3a2edadc0ed\"\n    objectName: \"name-of-cert-in-vault\"\n    objectType: \"cert\"\n"
        tenantID: b2255c28-9e28-4641-a6bc-b63391d59143
        usePodIdentity: "false"
        useVMManagedIdentity: "true"
        userAssignedIdentityID: b2255c28-9e28-4641-a6bc-b63391d59144
      provider: azure
      secretObjects:
        - data:
            - key: key_in_2_var
              objectName: 6ed738c95f993853
          secretName: RELEASE-NAME-kv-objects-1d1ac72b-kv-rg00-ss0-render-dev2
          type: Opaque
  6: |
    apiVersion: v1
    data:
      cert_in_2_file_path_var: /mnt/127cf7b855142ab1/c37bc3a2edadc0ed
    kind: ConfigMap
    metadata:
      name: RELEASE-NAME-kv-file-envs-cb749edb-kv-rg00-ss0-render-dev2
      namespace: NAMESPACE
  7: |
    apiVersion: apps/v1
    kind: Deployment
    metadata:
      name: RELEASE-NAME-database-deployment
      namespace: NAMESPACE
    spec:
      replicas: 1
      selector:
        matchLabels:
          app: RELEASE-NAME-db-app
      template:
        metadata:
          annotations:
            checksum: chart-version=2.1.2_config-hash=a10e0406b7dd56070480f3fce25894bf470a96e4d4f955a03197588f571fb0e5
          labels:
            app: RELEASE-NAME-db-app
        spec:
          containers:
            - env:
                - name: ACCEPT_EULA
                  value: "Y"
                - name: SA_PASSWORD
                  value: password123
                - name: MSSQL_SA_PASSWORD
                  value: password123
              image: test-db:v1
              name: RELEASE-NAME-database-container
              ports:
                - containerPort: 1433
              resources:
                limits:
                  cpu: "2.5"
                  memory: 2048Mi
                requests:
                  cpu: "0.2"
                  memory: 1024Mi
          hostname: RELEASE-NAME-db-svc
  8: |
    apiVersion: v1
    kind: Service
    metadata:
      name: RELEASE-NAME-db-svc
      namespace: NAMESPACE
    spec:
      ports:
        - port: 1433
          protocol: TCP
          targetPort: 1433
      selector:
        app: RELEASE-NAME-db-app
Minimal manifest should match snapshot:
  1: |
    apiVersion: batch/v1
    kind: CronJob
    metadata:
      annotations:
        orgs.k8s.snyk.io/v1: 3c6b0e2e-36a2-4c0e-93c8-3ba8c87dd75d
      name: RELEASE-NAME
      namespace: NAMESPACE
    spec:
      concurrencyPolicy: Forbid
      failedJobsHistoryLimit: 3
      jobTemplate:
        spec:
          activeDeadlineSeconds: null
          backoffLimit: 3
          completions: 1
          parallelism: 1
          template:
            metadata:
              annotations:
                apparmor.security.beta.kubernetes.io/pod: runtime/default
                checksum: chart-version=2.1.2_config-hash=531b4e17908ce1e3edbed0307237e1d030e83345f1d2a983eede490d0d59351e
                co.elastic.logs/json.add_error_key: "true"
                co.elastic.logs/json.keys_under_root: "true"
                co.elastic.logs/json.overwrite_keys: "true"
              labels:
                app: RELEASE-NAME-job
            spec:
              containers:
                - env:
                    - name: SPRING_PROFILES_ACTIVE
                      value: kubernetes
                    - name: LANG
                      value: en_US.UTF-8
                  envFrom: null
                  image: nginx:latest
                  name: RELEASE-NAME-job
                  resources:
                    limits:
                      cpu: 2.5
                      memory: 1024Mi
                    requests:
                      cpu: 100m
                      memory: 256Mi
                  securityContext:
                    allowPrivilegeEscalation: false
                    capabilities:
                      drop:
                        - ALL
                    privileged: false
                    readOnlyRootFilesystem: true
                    runAsGroup: 3000
                    runAsNonRoot: true
                    runAsUser: 1000
                  volumeMounts:
                    - mountPath: /tmp
                      name: tmp-dir
              nodeSelector:
                NodePool: workers
              restartPolicy: OnFailure
              volumes:
                - emptyDir: {}
                  name: tmp-dir
      schedule: '*/1 * * * *'
      successfulJobsHistoryLimit: 2
      suspend: true
